
 /----------------------------------------------------------------------------\
 |                                                                            |
 |  yosys -- Yosys Open SYnthesis Suite                                       |
 |                                                                            |
 |  Copyright (C) 2012 - 2019  Clifford Wolf <clifford@clifford.at>           |
 |                                                                            |
 |  Permission to use, copy, modify, and/or distribute this software for any  |
 |  purpose with or without fee is hereby granted, provided that the above    |
 |  copyright notice and this permission notice appear in all copies.         |
 |                                                                            |
 |  THE SOFTWARE IS PROVIDED "AS IS" AND THE AUTHOR DISCLAIMS ALL WARRANTIES  |
 |  WITH REGARD TO THIS SOFTWARE INCLUDING ALL IMPLIED WARRANTIES OF          |
 |  MERCHANTABILITY AND FITNESS. IN NO EVENT SHALL THE AUTHOR BE LIABLE FOR   |
 |  ANY SPECIAL, DIRECT, INDIRECT, OR CONSEQUENTIAL DAMAGES OR ANY DAMAGES    |
 |  WHATSOEVER RESULTING FROM LOSS OF USE, DATA OR PROFITS, WHETHER IN AN     |
 |  ACTION OF CONTRACT, NEGLIGENCE OR OTHER TORTIOUS ACTION, ARISING OUT OF   |
 |  OR IN CONNECTION WITH THE USE OR PERFORMANCE OF THIS SOFTWARE.            |
 |                                                                            |
 \----------------------------------------------------------------------------/

 Yosys 0.9 (git sha1 1979e0b)


-- Executing script file `riscv_synth.ys' --

1. Executing Verilog-2005 frontend: pc.v
Parsing SystemVerilog input from `pc.v' to AST representation.
Generating RTLIL representation for module `\pc'.
Successfully finished Verilog frontend.

2. Executing Verilog-2005 frontend: register_file.v
Parsing SystemVerilog input from `register_file.v' to AST representation.
Generating RTLIL representation for module `\register_file'.
Warning: Replacing memory \registers with list of registers. See register_file.v:20
Successfully finished Verilog frontend.

3. Executing Verilog-2005 frontend: alu.v
Parsing SystemVerilog input from `alu.v' to AST representation.
Generating RTLIL representation for module `\alu'.
Successfully finished Verilog frontend.

4. Executing Verilog-2005 frontend: sign_extend.v
Parsing SystemVerilog input from `sign_extend.v' to AST representation.
Generating RTLIL representation for module `\sign_extend'.
Successfully finished Verilog frontend.

5. Executing Verilog-2005 frontend: control_unit.v
Parsing SystemVerilog input from `control_unit.v' to AST representation.
Generating RTLIL representation for module `\control_unit'.
Successfully finished Verilog frontend.

6. Executing Verilog-2005 frontend: data_memory.v
Parsing SystemVerilog input from `data_memory.v' to AST representation.
Generating RTLIL representation for module `\data_memory'.
Successfully finished Verilog frontend.

7. Executing Verilog-2005 frontend: instruction_memory.v
Parsing SystemVerilog input from `instruction_memory.v' to AST representation.
Generating RTLIL representation for module `\instruction_memory'.
Successfully finished Verilog frontend.

8. Executing Verilog-2005 frontend: riscv_top.v
Parsing SystemVerilog input from `riscv_top.v' to AST representation.
Generating RTLIL representation for module `\riscv_top'.
Successfully finished Verilog frontend.

9. Executing HIERARCHY pass (managing design hierarchy).

9.1. Analyzing design hierarchy..
Top module:  \riscv_top
Used module:     \data_memory
Used module:     \alu
Used module:     \sign_extend
Used module:     \register_file
Used module:     \control_unit
Used module:     \instruction_memory
Used module:     \pc

9.2. Analyzing design hierarchy..
Top module:  \riscv_top
Used module:     \data_memory
Used module:     \alu
Used module:     \sign_extend
Used module:     \register_file
Used module:     \control_unit
Used module:     \instruction_memory
Used module:     \pc
Removed 0 unused modules.

10. Executing PROC pass (convert processes to netlists).

10.1. Executing PROC_CLEAN pass (remove empty switches from decision trees).
Cleaned up 0 empty switches.

10.2. Executing PROC_RMDEAD pass (remove dead branches from decision trees).
Marked 2 switch rules as full_case in process $proc$control_unit.v:13$66 in module control_unit.
Marked 1 switch rules as full_case in process $proc$sign_extend.v:8$65 in module sign_extend.
Marked 1 switch rules as full_case in process $proc$alu.v:7$56 in module alu.
Removed 1 dead cases from process $proc$register_file.v:1$53 in module register_file.
Marked 1 switch rules as full_case in process $proc$register_file.v:1$53 in module register_file.
Removed 1 dead cases from process $proc$register_file.v:1$50 in module register_file.
Marked 1 switch rules as full_case in process $proc$register_file.v:1$50 in module register_file.
Marked 3 switch rules as full_case in process $proc$register_file.v:17$41 in module register_file.
Marked 1 switch rules as full_case in process $proc$pc.v:7$1 in module pc.
Removed a total of 2 dead cases.

10.3. Executing PROC_INIT pass (extract init attributes).

10.4. Executing PROC_ARST pass (detect async resets in processes).
Found async reset \reset in `\register_file.$proc$register_file.v:17$41'.
Found async reset \reset in `\pc.$proc$pc.v:7$1'.

10.5. Executing PROC_MUX pass (convert decision trees to multiplexers).
Creating decoders for process `\control_unit.$proc$control_unit.v:13$66'.
     1/17: $2\alu_op[1:0]
     2/17: $1\imm_src[1:0]
     3/17: $1\alu_op[1:0]
     4/17: $1\branch[0:0]
     5/17: $1\mem_write[0:0]
     6/17: $1\mem_read[0:0]
     7/17: $1\mem_to_reg[0:0]
     8/17: $1\alu_src[0:0]
     9/17: $1\reg_write[0:0]
    10/17: $0\mem_to_reg[0:0]
    11/17: $0\alu_src[0:0]
    12/17: $0\alu_op[1:0]
    13/17: $0\branch[0:0]
    14/17: $0\imm_src[1:0]
    15/17: $0\mem_read[0:0]
    16/17: $0\mem_write[0:0]
    17/17: $0\reg_write[0:0]
Creating decoders for process `\sign_extend.$proc$sign_extend.v:8$65'.
     1/2: $1\imm_ext[31:0]
     2/2: $0\imm_ext[31:0]
Creating decoders for process `\alu.$proc$alu.v:7$56'.
     1/2: $1\result[31:0]
     2/2: $0\result[31:0]
Creating decoders for process `\register_file.$proc$register_file.v:1$53'.
     1/2: $1$mem2reg_rd$\registers$register_file.v:15$35_DATA[31:0]$55
     2/2: $0$mem2reg_rd$\registers$register_file.v:15$35_DATA[31:0]$54
Creating decoders for process `\register_file.$proc$register_file.v:1$50'.
     1/2: $1$mem2reg_rd$\registers$register_file.v:14$34_DATA[31:0]$52
     2/2: $0$mem2reg_rd$\registers$register_file.v:14$34_DATA[31:0]$51
Creating decoders for process `\register_file.$proc$register_file.v:17$41'.
     1/40: $2$mem2reg_wr$\registers$register_file.v:23$36_ADDR[4:0]$48
     2/40: $2$mem2reg_wr$\registers$register_file.v:23$36_DATA[31:0]$49
     3/40: $1$mem2reg_wr$\registers$register_file.v:23$36_DATA[31:0]$45
     4/40: $1$mem2reg_wr$\registers$register_file.v:23$36_ADDR[4:0]$44
     5/40: $1\i[31:0]
     6/40: $0$mem2reg_wr$\registers$register_file.v:23$36_DATA[31:0]$43
     7/40: $0$mem2reg_wr$\registers$register_file.v:23$36_ADDR[4:0]$42
     8/40: $0\i[31:0]
     9/40: $0\registers[31][31:0]
    10/40: $0\registers[30][31:0]
    11/40: $0\registers[29][31:0]
    12/40: $0\registers[28][31:0]
    13/40: $0\registers[27][31:0]
    14/40: $0\registers[26][31:0]
    15/40: $0\registers[25][31:0]
    16/40: $0\registers[24][31:0]
    17/40: $0\registers[23][31:0]
    18/40: $0\registers[22][31:0]
    19/40: $0\registers[21][31:0]
    20/40: $0\registers[20][31:0]
    21/40: $0\registers[19][31:0]
    22/40: $0\registers[18][31:0]
    23/40: $0\registers[17][31:0]
    24/40: $0\registers[16][31:0]
    25/40: $0\registers[15][31:0]
    26/40: $0\registers[14][31:0]
    27/40: $0\registers[13][31:0]
    28/40: $0\registers[12][31:0]
    29/40: $0\registers[11][31:0]
    30/40: $0\registers[10][31:0]
    31/40: $0\registers[9][31:0]
    32/40: $0\registers[8][31:0]
    33/40: $0\registers[7][31:0]
    34/40: $0\registers[6][31:0]
    35/40: $0\registers[5][31:0]
    36/40: $0\registers[4][31:0]
    37/40: $0\registers[3][31:0]
    38/40: $0\registers[2][31:0]
    39/40: $0\registers[1][31:0]
    40/40: $0\registers[0][31:0]
Creating decoders for process `\pc.$proc$pc.v:7$1'.
     1/1: $0\current_pc[31:0]

10.6. Executing PROC_DLATCH pass (convert process syncs to latches).
No latch inferred for signal `\control_unit.\reg_write' from process `\control_unit.$proc$control_unit.v:13$66'.
No latch inferred for signal `\control_unit.\mem_write' from process `\control_unit.$proc$control_unit.v:13$66'.
No latch inferred for signal `\control_unit.\mem_read' from process `\control_unit.$proc$control_unit.v:13$66'.
No latch inferred for signal `\control_unit.\imm_src' from process `\control_unit.$proc$control_unit.v:13$66'.
No latch inferred for signal `\control_unit.\branch' from process `\control_unit.$proc$control_unit.v:13$66'.
No latch inferred for signal `\control_unit.\alu_op' from process `\control_unit.$proc$control_unit.v:13$66'.
No latch inferred for signal `\control_unit.\alu_src' from process `\control_unit.$proc$control_unit.v:13$66'.
No latch inferred for signal `\control_unit.\mem_to_reg' from process `\control_unit.$proc$control_unit.v:13$66'.
No latch inferred for signal `\sign_extend.\imm_ext' from process `\sign_extend.$proc$sign_extend.v:8$65'.
No latch inferred for signal `\alu.\result' from process `\alu.$proc$alu.v:7$56'.
No latch inferred for signal `\register_file.$mem2reg_rd$\registers$register_file.v:15$35_DATA' from process `\register_file.$proc$register_file.v:1$53'.
No latch inferred for signal `\register_file.$mem2reg_rd$\registers$register_file.v:14$34_DATA' from process `\register_file.$proc$register_file.v:1$50'.

10.7. Executing PROC_DFF pass (convert process syncs to FFs).
Creating register for signal `\register_file.\registers[0]' using process `\register_file.$proc$register_file.v:17$41'.
  created $adff cell `$procdff$2174' with positive edge clock and positive level reset.
Creating register for signal `\register_file.\i' using process `\register_file.$proc$register_file.v:17$41'.
  created $adff cell `$procdff$2175' with positive edge clock and positive level reset.
Creating register for signal `\register_file.\registers[1]' using process `\register_file.$proc$register_file.v:17$41'.
  created $adff cell `$procdff$2176' with positive edge clock and positive level reset.
Creating register for signal `\register_file.\registers[2]' using process `\register_file.$proc$register_file.v:17$41'.
  created $adff cell `$procdff$2177' with positive edge clock and positive level reset.
Creating register for signal `\register_file.\registers[3]' using process `\register_file.$proc$register_file.v:17$41'.
  created $adff cell `$procdff$2178' with positive edge clock and positive level reset.
Creating register for signal `\register_file.\registers[4]' using process `\register_file.$proc$register_file.v:17$41'.
  created $adff cell `$procdff$2179' with positive edge clock and positive level reset.
Creating register for signal `\register_file.\registers[5]' using process `\register_file.$proc$register_file.v:17$41'.
  created $adff cell `$procdff$2180' with positive edge clock and positive level reset.
Creating register for signal `\register_file.\registers[6]' using process `\register_file.$proc$register_file.v:17$41'.
  created $adff cell `$procdff$2181' with positive edge clock and positive level reset.
Creating register for signal `\register_file.\registers[7]' using process `\register_file.$proc$register_file.v:17$41'.
  created $adff cell `$procdff$2182' with positive edge clock and positive level reset.
Creating register for signal `\register_file.\registers[8]' using process `\register_file.$proc$register_file.v:17$41'.
  created $adff cell `$procdff$2183' with positive edge clock and positive level reset.
Creating register for signal `\register_file.\registers[9]' using process `\register_file.$proc$register_file.v:17$41'.
  created $adff cell `$procdff$2184' with positive edge clock and positive level reset.
Creating register for signal `\register_file.\registers[10]' using process `\register_file.$proc$register_file.v:17$41'.
  created $adff cell `$procdff$2185' with positive edge clock and positive level reset.
Creating register for signal `\register_file.\registers[11]' using process `\register_file.$proc$register_file.v:17$41'.
  created $adff cell `$procdff$2186' with positive edge clock and positive level reset.
Creating register for signal `\register_file.\registers[12]' using process `\register_file.$proc$register_file.v:17$41'.
  created $adff cell `$procdff$2187' with positive edge clock and positive level reset.
Creating register for signal `\register_file.\registers[13]' using process `\register_file.$proc$register_file.v:17$41'.
  created $adff cell `$procdff$2188' with positive edge clock and positive level reset.
Creating register for signal `\register_file.\registers[14]' using process `\register_file.$proc$register_file.v:17$41'.
  created $adff cell `$procdff$2189' with positive edge clock and positive level reset.
Creating register for signal `\register_file.\registers[15]' using process `\register_file.$proc$register_file.v:17$41'.
  created $adff cell `$procdff$2190' with positive edge clock and positive level reset.
Creating register for signal `\register_file.\registers[16]' using process `\register_file.$proc$register_file.v:17$41'.
  created $adff cell `$procdff$2191' with positive edge clock and positive level reset.
Creating register for signal `\register_file.\registers[17]' using process `\register_file.$proc$register_file.v:17$41'.
  created $adff cell `$procdff$2192' with positive edge clock and positive level reset.
Creating register for signal `\register_file.\registers[18]' using process `\register_file.$proc$register_file.v:17$41'.
  created $adff cell `$procdff$2193' with positive edge clock and positive level reset.
Creating register for signal `\register_file.\registers[19]' using process `\register_file.$proc$register_file.v:17$41'.
  created $adff cell `$procdff$2194' with positive edge clock and positive level reset.
Creating register for signal `\register_file.\registers[20]' using process `\register_file.$proc$register_file.v:17$41'.
  created $adff cell `$procdff$2195' with positive edge clock and positive level reset.
Creating register for signal `\register_file.\registers[21]' using process `\register_file.$proc$register_file.v:17$41'.
  created $adff cell `$procdff$2196' with positive edge clock and positive level reset.
Creating register for signal `\register_file.\registers[22]' using process `\register_file.$proc$register_file.v:17$41'.
  created $adff cell `$procdff$2197' with positive edge clock and positive level reset.
Creating register for signal `\register_file.\registers[23]' using process `\register_file.$proc$register_file.v:17$41'.
  created $adff cell `$procdff$2198' with positive edge clock and positive level reset.
Creating register for signal `\register_file.\registers[24]' using process `\register_file.$proc$register_file.v:17$41'.
  created $adff cell `$procdff$2199' with positive edge clock and positive level reset.
Creating register for signal `\register_file.\registers[25]' using process `\register_file.$proc$register_file.v:17$41'.
  created $adff cell `$procdff$2200' with positive edge clock and positive level reset.
Creating register for signal `\register_file.\registers[26]' using process `\register_file.$proc$register_file.v:17$41'.
  created $adff cell `$procdff$2201' with positive edge clock and positive level reset.
Creating register for signal `\register_file.\registers[27]' using process `\register_file.$proc$register_file.v:17$41'.
  created $adff cell `$procdff$2202' with positive edge clock and positive level reset.
Creating register for signal `\register_file.\registers[28]' using process `\register_file.$proc$register_file.v:17$41'.
  created $adff cell `$procdff$2203' with positive edge clock and positive level reset.
Creating register for signal `\register_file.\registers[29]' using process `\register_file.$proc$register_file.v:17$41'.
  created $adff cell `$procdff$2204' with positive edge clock and positive level reset.
Creating register for signal `\register_file.\registers[30]' using process `\register_file.$proc$register_file.v:17$41'.
  created $adff cell `$procdff$2205' with positive edge clock and positive level reset.
Creating register for signal `\register_file.\registers[31]' using process `\register_file.$proc$register_file.v:17$41'.
  created $adff cell `$procdff$2206' with positive edge clock and positive level reset.
Creating register for signal `\register_file.$mem2reg_wr$\registers$register_file.v:23$36_ADDR' using process `\register_file.$proc$register_file.v:17$41'.
  created $adff cell `$procdff$2207' with positive edge clock and positive level reset.
Creating register for signal `\register_file.$mem2reg_wr$\registers$register_file.v:23$36_DATA' using process `\register_file.$proc$register_file.v:17$41'.
  created $adff cell `$procdff$2208' with positive edge clock and positive level reset.
Creating register for signal `\pc.\current_pc' using process `\pc.$proc$pc.v:7$1'.
  created $adff cell `$procdff$2209' with positive edge clock and positive level reset.

10.8. Executing PROC_CLEAN pass (remove empty switches from decision trees).
Found and cleaned up 2 empty switches in `\control_unit.$proc$control_unit.v:13$66'.
Removing empty process `control_unit.$proc$control_unit.v:13$66'.
Found and cleaned up 1 empty switch in `\sign_extend.$proc$sign_extend.v:8$65'.
Removing empty process `sign_extend.$proc$sign_extend.v:8$65'.
Found and cleaned up 1 empty switch in `\alu.$proc$alu.v:7$56'.
Removing empty process `alu.$proc$alu.v:7$56'.
Found and cleaned up 1 empty switch in `\register_file.$proc$register_file.v:1$53'.
Removing empty process `register_file.$proc$register_file.v:1$53'.
Found and cleaned up 1 empty switch in `\register_file.$proc$register_file.v:1$50'.
Removing empty process `register_file.$proc$register_file.v:1$50'.
Found and cleaned up 2 empty switches in `\register_file.$proc$register_file.v:17$41'.
Removing empty process `register_file.$proc$register_file.v:17$41'.
Removing empty process `pc.$proc$pc.v:7$1'.
Cleaned up 8 empty switches.

11. Executing OPT pass (performing simple optimizations).

11.1. Executing OPT_EXPR pass (perform const folding).
Optimizing module riscv_top.
<suppressed ~2 debug messages>
Optimizing module control_unit.
<suppressed ~6 debug messages>
Optimizing module sign_extend.
<suppressed ~1 debug messages>
Optimizing module alu.
<suppressed ~2 debug messages>
Optimizing module register_file.
<suppressed ~8 debug messages>
Optimizing module pc.

11.2. Executing OPT_MERGE pass (detect identical cells).
Finding identical cells in module `\riscv_top'.
Finding identical cells in module `\control_unit'.
<suppressed ~33 debug messages>
Finding identical cells in module `\sign_extend'.
Finding identical cells in module `\alu'.
Finding identical cells in module `\register_file'.
Finding identical cells in module `\pc'.
Removed a total of 11 cells.

11.3. Executing OPT_MUXTREE pass (detect dead branches in mux trees).
Running muxtree optimizer on module \riscv_top..
  Creating internal representation of mux trees.
  Evaluating internal representation of mux trees.
  Analyzing evaluation results.
Running muxtree optimizer on module \control_unit..
  Creating internal representation of mux trees.
  Evaluating internal representation of mux trees.
  Analyzing evaluation results.
Running muxtree optimizer on module \sign_extend..
  Creating internal representation of mux trees.
  Evaluating internal representation of mux trees.
  Analyzing evaluation results.
Running muxtree optimizer on module \alu..
  Creating internal representation of mux trees.
  Evaluating internal representation of mux trees.
  Analyzing evaluation results.
Running muxtree optimizer on module \register_file..
  Creating internal representation of mux trees.
  Evaluating internal representation of mux trees.
  Analyzing evaluation results.
    dead port 1/2 on $mux $procmux$1516.
    dead port 2/2 on $mux $procmux$1516.
    dead port 1/2 on $mux $procmux$1513.
    dead port 2/2 on $mux $procmux$1513.
Running muxtree optimizer on module \pc..
  Creating internal representation of mux trees.
  No muxes found in this module.
Removed 4 multiplexer ports.
<suppressed ~44 debug messages>

11.4. Executing OPT_REDUCE pass (consolidate $*mux and $reduce_* inputs).
  Optimizing cells in module \riscv_top.
    Consolidated identical input bits for $mux cell $ternary$riscv_top.v:123$1374:
      Old ports: A=4'1010, B=4'1011, Y=$ternary$riscv_top.v:123$1374_Y
      New ports: A=1'0, B=1'1, Y=$ternary$riscv_top.v:123$1374_Y [0]
      New connections: $ternary$riscv_top.v:123$1374_Y [3:1] = 3'101
    Consolidated identical input bits for $mux cell $ternary$riscv_top.v:116$1367:
      Old ports: A=4'0010, B=4'0110, Y=$ternary$riscv_top.v:116$1367_Y
      New ports: A=1'0, B=1'1, Y=$ternary$riscv_top.v:116$1367_Y [2]
      New connections: { $ternary$riscv_top.v:116$1367_Y [3] $ternary$riscv_top.v:116$1367_Y [1:0] } = 3'010
  Optimizing cells in module \riscv_top.
    Consolidated identical input bits for $mux cell $ternary$riscv_top.v:124$1375:
      Old ports: A=4'0000, B=$ternary$riscv_top.v:123$1374_Y, Y=$ternary$riscv_top.v:124$1375_Y
      New ports: A=2'00, B={ 1'1 $ternary$riscv_top.v:123$1374_Y [0] }, Y=$ternary$riscv_top.v:124$1375_Y [1:0]
      New connections: $ternary$riscv_top.v:124$1375_Y [3:2] = { $ternary$riscv_top.v:124$1375_Y [1] 1'0 }
  Optimizing cells in module \riscv_top.
    Consolidated identical input bits for $mux cell $ternary$riscv_top.v:124$1376:
      Old ports: A=$ternary$riscv_top.v:124$1375_Y, B=4'1001, Y=$ternary$riscv_top.v:124$1376_Y
      New ports: A={ $ternary$riscv_top.v:124$1375_Y [1] $ternary$riscv_top.v:124$1375_Y [1:0] }, B=3'101, Y={ $ternary$riscv_top.v:124$1376_Y [3] $ternary$riscv_top.v:124$1376_Y [1:0] }
      New connections: $ternary$riscv_top.v:124$1376_Y [2] = 1'0
  Optimizing cells in module \riscv_top.
  Optimizing cells in module \control_unit.
    New ctrl vector for $pmux cell $procmux$1429: $auto$opt_reduce.cc:132:opt_mux$2211
    New ctrl vector for $pmux cell $procmux$1424: $auto$opt_reduce.cc:132:opt_mux$2213
    Consolidated identical input bits for $mux cell $procmux$1388:
      Old ports: A=2'11, B=2'00, Y=$procmux$1388_Y
      New ports: A=1'1, B=1'0, Y=$procmux$1388_Y [0]
      New connections: $procmux$1388_Y [1] = $procmux$1388_Y [0]
    New input vector for $reduce_or cell $auto$opt_reduce.cc:126:opt_mux$2210: { $procmux$1431_CMP $procmux$1425_CMP $procmux$1401_CMP }
  Optimizing cells in module \control_unit.
  Optimizing cells in module \sign_extend.
    Consolidated identical input bits for $pmux cell $procmux$1434:
      Old ports: A=0, B={ \instruction [31] \instruction [31] \instruction [31] \instruction [31] \instruction [31] \instruction [31] \instruction [31] \instruction [31] \instruction [31] \instruction [31] \instruction [31] \instruction [31] \instruction [31] \instruction [31] \instruction [31] \instruction [31] \instruction [31] \instruction [31] \instruction [31] \instruction [31] \instruction [31:20] \instruction [31] \instruction [31] \instruction [31] \instruction [31] \instruction [31] \instruction [31] \instruction [31] \instruction [31] \instruction [31] \instruction [31] \instruction [31] \instruction [31] \instruction [31] \instruction [31] \instruction [31] \instruction [31] \instruction [31] \instruction [31] \instruction [31] \instruction [31] \instruction [31:25] \instruction [11:7] \instruction [31] \instruction [31] \instruction [31] \instruction [31] \instruction [31] \instruction [31] \instruction [31] \instruction [31] \instruction [31] \instruction [31] \instruction [31] \instruction [31] \instruction [31] \instruction [31] \instruction [31] \instruction [31] \instruction [31] \instruction [31] \instruction [31] \instruction [31] \instruction [7] \instruction [30:25] \instruction [11:8] 1'0 }, Y=$procmux$1434_Y
      New ports: A=13'0000000000000, B={ \instruction [31] \instruction [31:20] \instruction [31] \instruction [31:25] \instruction [11:7] \instruction [31] \instruction [7] \instruction [30:25] \instruction [11:8] 1'0 }, Y=$procmux$1434_Y [12:0]
      New connections: $procmux$1434_Y [31:13] = { $procmux$1434_Y [12] $procmux$1434_Y [12] $procmux$1434_Y [12] $procmux$1434_Y [12] $procmux$1434_Y [12] $procmux$1434_Y [12] $procmux$1434_Y [12] $procmux$1434_Y [12] $procmux$1434_Y [12] $procmux$1434_Y [12] $procmux$1434_Y [12] $procmux$1434_Y [12] $procmux$1434_Y [12] $procmux$1434_Y [12] $procmux$1434_Y [12] $procmux$1434_Y [12] $procmux$1434_Y [12] $procmux$1434_Y [12] $procmux$1434_Y [12] }
  Optimizing cells in module \sign_extend.
  Optimizing cells in module \alu.
    Consolidated identical input bits for $mux cell $ternary$alu.v:14$63:
      Old ports: A=0, B=1, Y=$ternary$alu.v:14$63_Y
      New ports: A=1'0, B=1'1, Y=$ternary$alu.v:14$63_Y [0]
      New connections: $ternary$alu.v:14$63_Y [31:1] = 31'0000000000000000000000000000000
  Optimizing cells in module \alu.
  Optimizing cells in module \register_file.
  Optimizing cells in module \pc.
Performed a total of 10 changes.

11.5. Executing OPT_MERGE pass (detect identical cells).
Finding identical cells in module `\riscv_top'.
<suppressed ~3 debug messages>
Finding identical cells in module `\control_unit'.
Finding identical cells in module `\sign_extend'.
Finding identical cells in module `\alu'.
Finding identical cells in module `\register_file'.
Finding identical cells in module `\pc'.
Removed a total of 1 cells.

11.6. Executing OPT_RMDFF pass (remove dff with constant values).
Removing $procdff$2175 ($adff) from module register_file.
Removing $procdff$2208 ($adff) from module register_file.
Removing $procdff$2207 ($adff) from module register_file.
Replaced 3 DFF cells.

11.7. Executing OPT_CLEAN pass (remove unused cells and wires).
Finding unused cells or wires in module \riscv_top..
Finding unused cells or wires in module \control_unit..
Finding unused cells or wires in module \sign_extend..
Finding unused cells or wires in module \alu..
Finding unused cells or wires in module \register_file..
Finding unused cells or wires in module \pc..
Removed 2 unused cells and 146 unused wires.
<suppressed ~8 debug messages>

11.8. Executing OPT_EXPR pass (perform const folding).
Optimizing module alu.
<suppressed ~1 debug messages>
Optimizing module control_unit.
<suppressed ~3 debug messages>
Optimizing module pc.
Optimizing module register_file.
Optimizing module riscv_top.
<suppressed ~1 debug messages>
Optimizing module sign_extend.

11.9. Rerunning OPT passes. (Maybe there is more to do..)

11.10. Executing OPT_MUXTREE pass (detect dead branches in mux trees).
Running muxtree optimizer on module \alu..
  Creating internal representation of mux trees.
  Evaluating internal representation of mux trees.
  Analyzing evaluation results.
Running muxtree optimizer on module \control_unit..
  Creating internal representation of mux trees.
  Evaluating internal representation of mux trees.
  Analyzing evaluation results.
Running muxtree optimizer on module \pc..
  Creating internal representation of mux trees.
  No muxes found in this module.
Running muxtree optimizer on module \register_file..
  Creating internal representation of mux trees.
  Evaluating internal representation of mux trees.
  Analyzing evaluation results.
Running muxtree optimizer on module \riscv_top..
  Creating internal representation of mux trees.
  Evaluating internal representation of mux trees.
  Analyzing evaluation results.
Running muxtree optimizer on module \sign_extend..
  Creating internal representation of mux trees.
  Evaluating internal representation of mux trees.
  Analyzing evaluation results.
Removed 0 multiplexer ports.
<suppressed ~42 debug messages>

11.11. Executing OPT_REDUCE pass (consolidate $*mux and $reduce_* inputs).
  Optimizing cells in module \alu.
  Optimizing cells in module \control_unit.
    New input vector for $reduce_or cell $auto$opt_reduce.cc:126:opt_mux$2210: { \mem_read $procmux$1401_CMP $procmux$1391_CMP }
    New input vector for $reduce_or cell $auto$opt_reduce.cc:126:opt_mux$2212: { \mem_write \mem_read $procmux$1391_CMP }
  Optimizing cells in module \control_unit.
  Optimizing cells in module \pc.
  Optimizing cells in module \register_file.
  Optimizing cells in module \riscv_top.
  Optimizing cells in module \sign_extend.
Performed a total of 2 changes.

11.12. Executing OPT_MERGE pass (detect identical cells).
Finding identical cells in module `\alu'.
Finding identical cells in module `\control_unit'.
Finding identical cells in module `\pc'.
Finding identical cells in module `\register_file'.
Finding identical cells in module `\riscv_top'.
Finding identical cells in module `\sign_extend'.
Removed a total of 0 cells.

11.13. Executing OPT_RMDFF pass (remove dff with constant values).

11.14. Executing OPT_CLEAN pass (remove unused cells and wires).
Finding unused cells or wires in module \alu..
Finding unused cells or wires in module \control_unit..
Finding unused cells or wires in module \pc..
Finding unused cells or wires in module \register_file..
Finding unused cells or wires in module \riscv_top..
Finding unused cells or wires in module \sign_extend..
Removed 0 unused cells and 4 unused wires.
<suppressed ~3 debug messages>

11.15. Executing OPT_EXPR pass (perform const folding).
Optimizing module alu.
Optimizing module control_unit.
Optimizing module pc.
Optimizing module register_file.
Optimizing module riscv_top.
Optimizing module sign_extend.

11.16. Rerunning OPT passes. (Maybe there is more to do..)

11.17. Executing OPT_MUXTREE pass (detect dead branches in mux trees).
Running muxtree optimizer on module \alu..
  Creating internal representation of mux trees.
  Evaluating internal representation of mux trees.
  Analyzing evaluation results.
Running muxtree optimizer on module \control_unit..
  Creating internal representation of mux trees.
  Evaluating internal representation of mux trees.
  Analyzing evaluation results.
Running muxtree optimizer on module \pc..
  Creating internal representation of mux trees.
  No muxes found in this module.
Running muxtree optimizer on module \register_file..
  Creating internal representation of mux trees.
  Evaluating internal representation of mux trees.
  Analyzing evaluation results.
Running muxtree optimizer on module \riscv_top..
  Creating internal representation of mux trees.
  Evaluating internal representation of mux trees.
  Analyzing evaluation results.
Running muxtree optimizer on module \sign_extend..
  Creating internal representation of mux trees.
  Evaluating internal representation of mux trees.
  Analyzing evaluation results.
Removed 0 multiplexer ports.
<suppressed ~42 debug messages>

11.18. Executing OPT_REDUCE pass (consolidate $*mux and $reduce_* inputs).
  Optimizing cells in module \alu.
  Optimizing cells in module \control_unit.
  Optimizing cells in module \pc.
  Optimizing cells in module \register_file.
  Optimizing cells in module \riscv_top.
  Optimizing cells in module \sign_extend.
Performed a total of 0 changes.

11.19. Executing OPT_MERGE pass (detect identical cells).
Finding identical cells in module `\alu'.
Finding identical cells in module `\control_unit'.
Finding identical cells in module `\pc'.
Finding identical cells in module `\register_file'.
Finding identical cells in module `\riscv_top'.
Finding identical cells in module `\sign_extend'.
Removed a total of 0 cells.

11.20. Executing OPT_RMDFF pass (remove dff with constant values).

11.21. Executing OPT_CLEAN pass (remove unused cells and wires).
Finding unused cells or wires in module \alu..
Finding unused cells or wires in module \control_unit..
Finding unused cells or wires in module \pc..
Finding unused cells or wires in module \register_file..
Finding unused cells or wires in module \riscv_top..
Finding unused cells or wires in module \sign_extend..

11.22. Executing OPT_EXPR pass (perform const folding).
Optimizing module alu.
Optimizing module control_unit.
Optimizing module pc.
Optimizing module register_file.
Optimizing module riscv_top.
Optimizing module sign_extend.

11.23. Finished OPT passes. (There is nothing left to do.)

12. Executing MEMORY pass.

12.1. Executing MEMORY_DFF pass (merging $dff cells to $memrd and $memwr).

12.2. Executing OPT_CLEAN pass (remove unused cells and wires).
Finding unused cells or wires in module \alu..
Finding unused cells or wires in module \control_unit..
Finding unused cells or wires in module \pc..
Finding unused cells or wires in module \register_file..
Finding unused cells or wires in module \riscv_top..
Finding unused cells or wires in module \sign_extend..

12.3. Executing MEMORY_SHARE pass (consolidating $memrd/$memwr cells).

12.4. Executing OPT_CLEAN pass (remove unused cells and wires).
Finding unused cells or wires in module \alu..
Finding unused cells or wires in module \control_unit..
Finding unused cells or wires in module \pc..
Finding unused cells or wires in module \register_file..
Finding unused cells or wires in module \riscv_top..
Finding unused cells or wires in module \sign_extend..

12.5. Executing MEMORY_COLLECT pass (generating $mem cells).

13. Executing OPT pass (performing simple optimizations).

13.1. Executing OPT_EXPR pass (perform const folding).
Optimizing module alu.
Optimizing module control_unit.
Optimizing module pc.
Optimizing module register_file.
Optimizing module riscv_top.
Optimizing module sign_extend.

13.2. Executing OPT_MERGE pass (detect identical cells).
Finding identical cells in module `\alu'.
Finding identical cells in module `\control_unit'.
Finding identical cells in module `\pc'.
Finding identical cells in module `\register_file'.
Finding identical cells in module `\riscv_top'.
Finding identical cells in module `\sign_extend'.
Removed a total of 0 cells.

13.3. Executing OPT_RMDFF pass (remove dff with constant values).

13.4. Executing OPT_CLEAN pass (remove unused cells and wires).
Finding unused cells or wires in module \alu..
Finding unused cells or wires in module \control_unit..
Finding unused cells or wires in module \pc..
Finding unused cells or wires in module \register_file..
Finding unused cells or wires in module \riscv_top..
Finding unused cells or wires in module \sign_extend..

13.5. Finished fast OPT passes.

14. Executing SYNTH pass.

14.1. Executing HIERARCHY pass (managing design hierarchy).

14.1.1. Analyzing design hierarchy..
Top module:  \riscv_top
Used module:     \alu
Used module:     \control_unit
Used module:     \pc
Used module:     \register_file
Used module:     \sign_extend

14.1.2. Analyzing design hierarchy..
Top module:  \riscv_top
Used module:     \alu
Used module:     \control_unit
Used module:     \pc
Used module:     \register_file
Used module:     \sign_extend
Removed 0 unused modules.

14.2. Executing PROC pass (convert processes to netlists).

14.2.1. Executing PROC_CLEAN pass (remove empty switches from decision trees).
Cleaned up 0 empty switches.

14.2.2. Executing PROC_RMDEAD pass (remove dead branches from decision trees).
Removed a total of 0 dead cases.

14.2.3. Executing PROC_INIT pass (extract init attributes).

14.2.4. Executing PROC_ARST pass (detect async resets in processes).

14.2.5. Executing PROC_MUX pass (convert decision trees to multiplexers).

14.2.6. Executing PROC_DLATCH pass (convert process syncs to latches).

14.2.7. Executing PROC_DFF pass (convert process syncs to FFs).

14.2.8. Executing PROC_CLEAN pass (remove empty switches from decision trees).
Cleaned up 0 empty switches.

14.3. Executing OPT_EXPR pass (perform const folding).
Optimizing module alu.
Optimizing module control_unit.
Optimizing module pc.
Optimizing module register_file.
Optimizing module riscv_top.
Optimizing module sign_extend.

14.4. Executing OPT_CLEAN pass (remove unused cells and wires).
Finding unused cells or wires in module \alu..
Finding unused cells or wires in module \control_unit..
Finding unused cells or wires in module \pc..
Finding unused cells or wires in module \register_file..
Finding unused cells or wires in module \riscv_top..
Finding unused cells or wires in module \sign_extend..

14.5. Executing CHECK pass (checking for obvious problems).
checking module alu..
checking module control_unit..
checking module pc..
checking module register_file..
checking module riscv_top..
checking module sign_extend..
found and reported 0 problems.

14.6. Executing OPT pass (performing simple optimizations).

14.6.1. Executing OPT_EXPR pass (perform const folding).
Optimizing module alu.
Optimizing module control_unit.
Optimizing module pc.
Optimizing module register_file.
Optimizing module riscv_top.
Optimizing module sign_extend.

14.6.2. Executing OPT_MERGE pass (detect identical cells).
Finding identical cells in module `\alu'.
Finding identical cells in module `\control_unit'.
Finding identical cells in module `\pc'.
Finding identical cells in module `\register_file'.
Finding identical cells in module `\riscv_top'.
Finding identical cells in module `\sign_extend'.
Removed a total of 0 cells.

14.6.3. Executing OPT_MUXTREE pass (detect dead branches in mux trees).
Running muxtree optimizer on module \alu..
  Creating internal representation of mux trees.
  Evaluating internal representation of mux trees.
  Analyzing evaluation results.
Running muxtree optimizer on module \control_unit..
  Creating internal representation of mux trees.
  Evaluating internal representation of mux trees.
  Analyzing evaluation results.
Running muxtree optimizer on module \pc..
  Creating internal representation of mux trees.
  No muxes found in this module.
Running muxtree optimizer on module \register_file..
  Creating internal representation of mux trees.
  Evaluating internal representation of mux trees.
  Analyzing evaluation results.
Running muxtree optimizer on module \riscv_top..
  Creating internal representation of mux trees.
  Evaluating internal representation of mux trees.
  Analyzing evaluation results.
Running muxtree optimizer on module \sign_extend..
  Creating internal representation of mux trees.
  Evaluating internal representation of mux trees.
  Analyzing evaluation results.
Removed 0 multiplexer ports.
<suppressed ~42 debug messages>

14.6.4. Executing OPT_REDUCE pass (consolidate $*mux and $reduce_* inputs).
  Optimizing cells in module \alu.
  Optimizing cells in module \control_unit.
  Optimizing cells in module \pc.
  Optimizing cells in module \register_file.
  Optimizing cells in module \riscv_top.
  Optimizing cells in module \sign_extend.
Performed a total of 0 changes.

14.6.5. Executing OPT_MERGE pass (detect identical cells).
Finding identical cells in module `\alu'.
Finding identical cells in module `\control_unit'.
Finding identical cells in module `\pc'.
Finding identical cells in module `\register_file'.
Finding identical cells in module `\riscv_top'.
Finding identical cells in module `\sign_extend'.
Removed a total of 0 cells.

14.6.6. Executing OPT_RMDFF pass (remove dff with constant values).

14.6.7. Executing OPT_CLEAN pass (remove unused cells and wires).
Finding unused cells or wires in module \alu..
Finding unused cells or wires in module \control_unit..
Finding unused cells or wires in module \pc..
Finding unused cells or wires in module \register_file..
Finding unused cells or wires in module \riscv_top..
Finding unused cells or wires in module \sign_extend..

14.6.8. Executing OPT_EXPR pass (perform const folding).
Optimizing module alu.
Optimizing module control_unit.
Optimizing module pc.
Optimizing module register_file.
Optimizing module riscv_top.
Optimizing module sign_extend.

14.6.9. Finished OPT passes. (There is nothing left to do.)

14.7. Executing WREDUCE pass (reducing word size of cells).
Removed top 3 bits (of 4) from port B of cell alu.$procmux$1444_CMP0 ($eq).
Removed top 2 bits (of 4) from port B of cell alu.$procmux$1443_CMP0 ($eq).
Removed top 1 bits (of 4) from port B of cell alu.$procmux$1441_CMP0 ($eq).
Removed top 1 bits (of 4) from port B of cell alu.$procmux$1440_CMP0 ($eq).
Removed top 5 bits (of 7) from port B of cell control_unit.$procmux$1431_CMP0 ($eq).
Removed top 1 bits (of 7) from port B of cell control_unit.$procmux$1426_CMP0 ($eq).
Removed top 2 bits (of 7) from port B of cell control_unit.$procmux$1425_CMP0 ($eq).
Removed top 1 bits (of 7) from port B of cell control_unit.$procmux$1401_CMP0 ($eq).
Removed top 3 bits (of 5) from port B of cell register_file.$procmux$2100_CMP0 ($eq).
Removed top 4 bits (of 5) from port B of cell register_file.$procmux$2135_CMP0 ($eq).
Removed top 2 bits (of 5) from port B of cell register_file.$procmux$2033_CMP0 ($eq).
Removed top 3 bits (of 5) from port B of cell register_file.$procmux$2066_CMP0 ($eq).
Removed top 2 bits (of 5) from port B of cell register_file.$procmux$1970_CMP0 ($eq).
Removed top 2 bits (of 5) from port B of cell register_file.$procmux$2001_CMP0 ($eq).
Removed top 1 bits (of 5) from port B of cell register_file.$procmux$1911_CMP0 ($eq).
Removed top 2 bits (of 5) from port B of cell register_file.$procmux$1940_CMP0 ($eq).
Removed top 1 bits (of 5) from port B of cell register_file.$procmux$1856_CMP0 ($eq).
Removed top 1 bits (of 5) from port B of cell register_file.$procmux$1883_CMP0 ($eq).
Removed top 1 bits (of 5) from port B of cell register_file.$procmux$1805_CMP0 ($eq).
Removed top 1 bits (of 5) from port B of cell register_file.$procmux$1830_CMP0 ($eq).
Removed top 1 bits (of 5) from port B of cell register_file.$procmux$1758_CMP0 ($eq).
Removed top 1 bits (of 5) from port B of cell register_file.$procmux$1781_CMP0 ($eq).
Removed top 1 bits (of 5) from port B of cell register_file.$procmux$1736_CMP0 ($eq).
Removed top 4 bits (of 5) from port B of cell register_file.$procmux$1510_CMP0 ($eq).
Removed top 3 bits (of 5) from port B of cell register_file.$procmux$1509_CMP0 ($eq).
Removed top 3 bits (of 5) from port B of cell register_file.$procmux$1508_CMP0 ($eq).
Removed top 2 bits (of 5) from port B of cell register_file.$procmux$1507_CMP0 ($eq).
Removed top 2 bits (of 5) from port B of cell register_file.$procmux$1506_CMP0 ($eq).
Removed top 2 bits (of 5) from port B of cell register_file.$procmux$1505_CMP0 ($eq).
Removed top 2 bits (of 5) from port B of cell register_file.$procmux$1504_CMP0 ($eq).
Removed top 1 bits (of 5) from port B of cell register_file.$procmux$1503_CMP0 ($eq).
Removed top 1 bits (of 5) from port B of cell register_file.$procmux$1502_CMP0 ($eq).
Removed top 1 bits (of 5) from port B of cell register_file.$procmux$1501_CMP0 ($eq).
Removed top 1 bits (of 5) from port B of cell register_file.$procmux$1500_CMP0 ($eq).
Removed top 1 bits (of 5) from port B of cell register_file.$procmux$1499_CMP0 ($eq).
Removed top 1 bits (of 5) from port B of cell register_file.$procmux$1498_CMP0 ($eq).
Removed top 1 bits (of 5) from port B of cell register_file.$procmux$1497_CMP0 ($eq).
Removed top 1 bits (of 5) from port B of cell register_file.$procmux$1496_CMP0 ($eq).
Removed top 4 bits (of 5) from port B of cell register_file.$procmux$1477_CMP0 ($eq).
Removed top 3 bits (of 5) from port B of cell register_file.$procmux$1476_CMP0 ($eq).
Removed top 3 bits (of 5) from port B of cell register_file.$procmux$1475_CMP0 ($eq).
Removed top 2 bits (of 5) from port B of cell register_file.$procmux$1474_CMP0 ($eq).
Removed top 2 bits (of 5) from port B of cell register_file.$procmux$1473_CMP0 ($eq).
Removed top 2 bits (of 5) from port B of cell register_file.$procmux$1472_CMP0 ($eq).
Removed top 2 bits (of 5) from port B of cell register_file.$procmux$1471_CMP0 ($eq).
Removed top 1 bits (of 5) from port B of cell register_file.$procmux$1470_CMP0 ($eq).
Removed top 1 bits (of 5) from port B of cell register_file.$procmux$1469_CMP0 ($eq).
Removed top 1 bits (of 5) from port B of cell register_file.$procmux$1468_CMP0 ($eq).
Removed top 1 bits (of 5) from port B of cell register_file.$procmux$1467_CMP0 ($eq).
Removed top 1 bits (of 5) from port B of cell register_file.$procmux$1466_CMP0 ($eq).
Removed top 1 bits (of 5) from port B of cell register_file.$procmux$1465_CMP0 ($eq).
Removed top 1 bits (of 5) from port B of cell register_file.$procmux$1464_CMP0 ($eq).
Removed top 1 bits (of 5) from port B of cell register_file.$procmux$1463_CMP0 ($eq).
Removed top 29 bits (of 32) from port B of cell riscv_top.$add$riscv_top.v:53$1359 ($add).
Removed top 1 bits (of 2) from port B of cell riscv_top.$eq$riscv_top.v:113$1365 ($eq).
Removed top 1 bits (of 3) from port B of cell riscv_top.$eq$riscv_top.v:120$1371 ($eq).
Removed top 2 bits (of 3) from port B of cell riscv_top.$eq$riscv_top.v:121$1372 ($eq).
Removed top 1 bits (of 2) from port B of cell sign_extend.$procmux$1436_CMP0 ($eq).

14.8. Executing PEEPOPT pass (run peephole optimizers).

14.9. Executing OPT_CLEAN pass (remove unused cells and wires).
Finding unused cells or wires in module \alu..
Finding unused cells or wires in module \control_unit..
Finding unused cells or wires in module \pc..
Finding unused cells or wires in module \register_file..
Finding unused cells or wires in module \riscv_top..
Finding unused cells or wires in module \sign_extend..

14.10. Executing TECHMAP pass (map to technology primitives).

14.10.1. Executing Verilog-2005 frontend: /usr/bin/../share/yosys/cmp2lut.v
Parsing Verilog input from `/usr/bin/../share/yosys/cmp2lut.v' to AST representation.
Generating RTLIL representation for module `\_90_lut_cmp_'.
Successfully finished Verilog frontend.

14.10.2. Continuing TECHMAP pass.
No more expansions possible.
<suppressed ~820 debug messages>

14.11. Executing SHARE pass (SAT-based resource sharing).

14.12. Executing OPT pass (performing simple optimizations).

14.12.1. Executing OPT_EXPR pass (perform const folding).
Optimizing module alu.
Optimizing module control_unit.
Optimizing module pc.
Optimizing module register_file.
Optimizing module riscv_top.
Optimizing module sign_extend.

14.12.2. Executing OPT_MERGE pass (detect identical cells).
Finding identical cells in module `\alu'.
Finding identical cells in module `\control_unit'.
Finding identical cells in module `\pc'.
Finding identical cells in module `\register_file'.
Finding identical cells in module `\riscv_top'.
Finding identical cells in module `\sign_extend'.
Removed a total of 0 cells.

14.12.3. Executing OPT_MUXTREE pass (detect dead branches in mux trees).
Running muxtree optimizer on module \alu..
  Creating internal representation of mux trees.
  Evaluating internal representation of mux trees.
  Analyzing evaluation results.
Running muxtree optimizer on module \control_unit..
  Creating internal representation of mux trees.
  Evaluating internal representation of mux trees.
  Analyzing evaluation results.
Running muxtree optimizer on module \pc..
  Creating internal representation of mux trees.
  No muxes found in this module.
Running muxtree optimizer on module \register_file..
  Creating internal representation of mux trees.
  Evaluating internal representation of mux trees.
  Analyzing evaluation results.
Running muxtree optimizer on module \riscv_top..
  Creating internal representation of mux trees.
  Evaluating internal representation of mux trees.
  Analyzing evaluation results.
Running muxtree optimizer on module \sign_extend..
  Creating internal representation of mux trees.
  Evaluating internal representation of mux trees.
  Analyzing evaluation results.
Removed 0 multiplexer ports.
<suppressed ~42 debug messages>

14.12.4. Executing OPT_REDUCE pass (consolidate $*mux and $reduce_* inputs).
  Optimizing cells in module \alu.
  Optimizing cells in module \control_unit.
  Optimizing cells in module \pc.
  Optimizing cells in module \register_file.
  Optimizing cells in module \riscv_top.
  Optimizing cells in module \sign_extend.
Performed a total of 0 changes.

14.12.5. Executing OPT_MERGE pass (detect identical cells).
Finding identical cells in module `\alu'.
Finding identical cells in module `\control_unit'.
Finding identical cells in module `\pc'.
Finding identical cells in module `\register_file'.
Finding identical cells in module `\riscv_top'.
Finding identical cells in module `\sign_extend'.
Removed a total of 0 cells.

14.12.6. Executing OPT_RMDFF pass (remove dff with constant values).

14.12.7. Executing OPT_CLEAN pass (remove unused cells and wires).
Finding unused cells or wires in module \alu..
Finding unused cells or wires in module \control_unit..
Finding unused cells or wires in module \pc..
Finding unused cells or wires in module \register_file..
Finding unused cells or wires in module \riscv_top..
Finding unused cells or wires in module \sign_extend..

14.12.8. Executing OPT_EXPR pass (perform const folding).
Optimizing module alu.
Optimizing module control_unit.
Optimizing module pc.
Optimizing module register_file.
Optimizing module riscv_top.
Optimizing module sign_extend.

14.12.9. Finished OPT passes. (There is nothing left to do.)

14.13. Executing FSM pass (extract and optimize FSM).

14.13.1. Executing FSM_DETECT pass (finding FSMs in design).

14.13.2. Executing FSM_EXTRACT pass (extracting FSM from design).

14.13.3. Executing FSM_OPT pass (simple optimizations of FSMs).

14.13.4. Executing OPT_CLEAN pass (remove unused cells and wires).
Finding unused cells or wires in module \alu..
Finding unused cells or wires in module \control_unit..
Finding unused cells or wires in module \pc..
Finding unused cells or wires in module \register_file..
Finding unused cells or wires in module \riscv_top..
Finding unused cells or wires in module \sign_extend..

14.13.5. Executing FSM_OPT pass (simple optimizations of FSMs).

14.13.6. Executing FSM_RECODE pass (re-assigning FSM state encoding).

14.13.7. Executing FSM_INFO pass (dumping all available information on FSM cells).

14.13.8. Executing FSM_MAP pass (mapping FSMs to basic logic).

14.14. Executing OPT pass (performing simple optimizations).

14.14.1. Executing OPT_EXPR pass (perform const folding).
Optimizing module alu.
Optimizing module control_unit.
Optimizing module pc.
Optimizing module register_file.
Optimizing module riscv_top.
Optimizing module sign_extend.

14.14.2. Executing OPT_MERGE pass (detect identical cells).
Finding identical cells in module `\alu'.
Finding identical cells in module `\control_unit'.
Finding identical cells in module `\pc'.
Finding identical cells in module `\register_file'.
Finding identical cells in module `\riscv_top'.
Finding identical cells in module `\sign_extend'.
Removed a total of 0 cells.

14.14.3. Executing OPT_RMDFF pass (remove dff with constant values).

14.14.4. Executing OPT_CLEAN pass (remove unused cells and wires).
Finding unused cells or wires in module \alu..
Finding unused cells or wires in module \control_unit..
Finding unused cells or wires in module \pc..
Finding unused cells or wires in module \register_file..
Finding unused cells or wires in module \riscv_top..
Finding unused cells or wires in module \sign_extend..

14.14.5. Finished fast OPT passes.

14.15. Executing MEMORY pass.

14.15.1. Executing MEMORY_DFF pass (merging $dff cells to $memrd and $memwr).

14.15.2. Executing OPT_CLEAN pass (remove unused cells and wires).
Finding unused cells or wires in module \alu..
Finding unused cells or wires in module \control_unit..
Finding unused cells or wires in module \pc..
Finding unused cells or wires in module \register_file..
Finding unused cells or wires in module \riscv_top..
Finding unused cells or wires in module \sign_extend..

14.15.3. Executing MEMORY_SHARE pass (consolidating $memrd/$memwr cells).

14.15.4. Executing OPT_CLEAN pass (remove unused cells and wires).
Finding unused cells or wires in module \alu..
Finding unused cells or wires in module \control_unit..
Finding unused cells or wires in module \pc..
Finding unused cells or wires in module \register_file..
Finding unused cells or wires in module \riscv_top..
Finding unused cells or wires in module \sign_extend..

14.15.5. Executing MEMORY_COLLECT pass (generating $mem cells).

14.16. Executing OPT_CLEAN pass (remove unused cells and wires).
Finding unused cells or wires in module \alu..
Finding unused cells or wires in module \control_unit..
Finding unused cells or wires in module \pc..
Finding unused cells or wires in module \register_file..
Finding unused cells or wires in module \riscv_top..
Finding unused cells or wires in module \sign_extend..

14.17. Executing OPT pass (performing simple optimizations).

14.17.1. Executing OPT_EXPR pass (perform const folding).
Optimizing module alu.
Optimizing module control_unit.
Optimizing module pc.
Optimizing module register_file.
Optimizing module riscv_top.
Optimizing module sign_extend.

14.17.2. Executing OPT_MERGE pass (detect identical cells).
Finding identical cells in module `\alu'.
Finding identical cells in module `\control_unit'.
Finding identical cells in module `\pc'.
Finding identical cells in module `\register_file'.
Finding identical cells in module `\riscv_top'.
Finding identical cells in module `\sign_extend'.
Removed a total of 0 cells.

14.17.3. Executing OPT_RMDFF pass (remove dff with constant values).

14.17.4. Executing OPT_CLEAN pass (remove unused cells and wires).
Finding unused cells or wires in module \alu..
Finding unused cells or wires in module \control_unit..
Finding unused cells or wires in module \pc..
Finding unused cells or wires in module \register_file..
Finding unused cells or wires in module \riscv_top..
Finding unused cells or wires in module \sign_extend..

14.17.5. Finished fast OPT passes.

14.18. Executing MEMORY_MAP pass (converting $mem cells to logic and flip-flops).

14.19. Executing OPT pass (performing simple optimizations).

14.19.1. Executing OPT_EXPR pass (perform const folding).
Optimizing module alu.
Optimizing module control_unit.
Optimizing module pc.
Optimizing module register_file.
Optimizing module riscv_top.
Optimizing module sign_extend.

14.19.2. Executing OPT_MERGE pass (detect identical cells).
Finding identical cells in module `\alu'.
Finding identical cells in module `\control_unit'.
Finding identical cells in module `\pc'.
Finding identical cells in module `\register_file'.
Finding identical cells in module `\riscv_top'.
Finding identical cells in module `\sign_extend'.
Removed a total of 0 cells.

14.19.3. Executing OPT_MUXTREE pass (detect dead branches in mux trees).
Running muxtree optimizer on module \alu..
  Creating internal representation of mux trees.
  Evaluating internal representation of mux trees.
  Analyzing evaluation results.
Running muxtree optimizer on module \control_unit..
  Creating internal representation of mux trees.
  Evaluating internal representation of mux trees.
  Analyzing evaluation results.
Running muxtree optimizer on module \pc..
  Creating internal representation of mux trees.
  No muxes found in this module.
Running muxtree optimizer on module \register_file..
  Creating internal representation of mux trees.
  Evaluating internal representation of mux trees.
  Analyzing evaluation results.
Running muxtree optimizer on module \riscv_top..
  Creating internal representation of mux trees.
  Evaluating internal representation of mux trees.
  Analyzing evaluation results.
Running muxtree optimizer on module \sign_extend..
  Creating internal representation of mux trees.
  Evaluating internal representation of mux trees.
  Analyzing evaluation results.
Removed 0 multiplexer ports.
<suppressed ~42 debug messages>

14.19.4. Executing OPT_REDUCE pass (consolidate $*mux and $reduce_* inputs).
  Optimizing cells in module \alu.
  Optimizing cells in module \control_unit.
  Optimizing cells in module \pc.
  Optimizing cells in module \register_file.
  Optimizing cells in module \riscv_top.
  Optimizing cells in module \sign_extend.
Performed a total of 0 changes.

14.19.5. Executing OPT_MERGE pass (detect identical cells).
Finding identical cells in module `\alu'.
Finding identical cells in module `\control_unit'.
Finding identical cells in module `\pc'.
Finding identical cells in module `\register_file'.
Finding identical cells in module `\riscv_top'.
Finding identical cells in module `\sign_extend'.
Removed a total of 0 cells.

14.19.6. Executing OPT_RMDFF pass (remove dff with constant values).

14.19.7. Executing OPT_CLEAN pass (remove unused cells and wires).
Finding unused cells or wires in module \alu..
Finding unused cells or wires in module \control_unit..
Finding unused cells or wires in module \pc..
Finding unused cells or wires in module \register_file..
Finding unused cells or wires in module \riscv_top..
Finding unused cells or wires in module \sign_extend..

14.19.8. Executing OPT_EXPR pass (perform const folding).
Optimizing module alu.
Optimizing module control_unit.
Optimizing module pc.
Optimizing module register_file.
Optimizing module riscv_top.
Optimizing module sign_extend.

14.19.9. Finished OPT passes. (There is nothing left to do.)

14.20. Executing TECHMAP pass (map to technology primitives).

14.20.1. Executing Verilog-2005 frontend: <techmap.v>
Parsing Verilog input from `<techmap.v>' to AST representation.
Generating RTLIL representation for module `\_90_simplemap_bool_ops'.
Generating RTLIL representation for module `\_90_simplemap_reduce_ops'.
Generating RTLIL representation for module `\_90_simplemap_logic_ops'.
Generating RTLIL representation for module `\_90_simplemap_compare_ops'.
Generating RTLIL representation for module `\_90_simplemap_various'.
Generating RTLIL representation for module `\_90_simplemap_registers'.
Generating RTLIL representation for module `\_90_shift_ops_shr_shl_sshl_sshr'.
Generating RTLIL representation for module `\_90_shift_shiftx'.
Generating RTLIL representation for module `\_90_fa'.
Generating RTLIL representation for module `\_90_lcu'.
Generating RTLIL representation for module `\_90_alu'.
Generating RTLIL representation for module `\_90_macc'.
Generating RTLIL representation for module `\_90_alumacc'.
Generating RTLIL representation for module `\$__div_mod_u'.
Generating RTLIL representation for module `\$__div_mod'.
Generating RTLIL representation for module `\_90_div'.
Generating RTLIL representation for module `\_90_mod'.
Generating RTLIL representation for module `\_90_pow'.
Generating RTLIL representation for module `\_90_pmux'.
Generating RTLIL representation for module `\_90_lut'.
Successfully finished Verilog frontend.

14.20.2. Continuing TECHMAP pass.
Using extmapper simplemap for cells of type $adff.
Using extmapper simplemap for cells of type $reduce_bool.
Using extmapper simplemap for cells of type $mux.
Using extmapper simplemap for cells of type $logic_and.
Using extmapper simplemap for cells of type $logic_not.
Using extmapper simplemap for cells of type $eq.
Using template $paramod\_90_pmux\WIDTH=32\S_WIDTH=31 for cells of type $pmux.
Using extmapper simplemap for cells of type $reduce_or.
Using extmapper simplemap for cells of type $and.
Using extmapper simplemap for cells of type $xor.
Using extmapper simplemap for cells of type $or.
Running "alumacc" on wrapper $extern:wrap:$add:A_SIGNED=0:A_WIDTH=32:B_SIGNED=0:B_WIDTH=32:Y_WIDTH=32:394426c56d1a028ba8fdd5469b163e04011def47.
Using template $extern:wrap:$add:A_SIGNED=0:A_WIDTH=32:B_SIGNED=0:B_WIDTH=32:Y_WIDTH=32:394426c56d1a028ba8fdd5469b163e04011def47 for cells of type $extern:wrap:$add:A_SIGNED=0:A_WIDTH=32:B_SIGNED=0:B_WIDTH=32:Y_WIDTH=32:394426c56d1a028ba8fdd5469b163e04011def47.
Running "alumacc" on wrapper $extern:wrap:$sub:A_SIGNED=0:A_WIDTH=32:B_SIGNED=0:B_WIDTH=32:Y_WIDTH=32:394426c56d1a028ba8fdd5469b163e04011def47.
Using template $extern:wrap:$sub:A_SIGNED=0:A_WIDTH=32:B_SIGNED=0:B_WIDTH=32:Y_WIDTH=32:394426c56d1a028ba8fdd5469b163e04011def47 for cells of type $extern:wrap:$sub:A_SIGNED=0:A_WIDTH=32:B_SIGNED=0:B_WIDTH=32:Y_WIDTH=32:394426c56d1a028ba8fdd5469b163e04011def47.
Running "alumacc" on wrapper $extern:wrap:$lt:A_SIGNED=0:A_WIDTH=32:B_SIGNED=0:B_WIDTH=32:Y_WIDTH=1:394426c56d1a028ba8fdd5469b163e04011def47.
Using template $extern:wrap:$lt:A_SIGNED=0:A_WIDTH=32:B_SIGNED=0:B_WIDTH=32:Y_WIDTH=1:394426c56d1a028ba8fdd5469b163e04011def47 for cells of type $extern:wrap:$lt:A_SIGNED=0:A_WIDTH=32:B_SIGNED=0:B_WIDTH=32:Y_WIDTH=1:394426c56d1a028ba8fdd5469b163e04011def47.
Using template $paramod\_90_pmux\WIDTH=32\S_WIDTH=6 for cells of type $pmux.
Using template $paramod\_90_alu\A_SIGNED=0\B_SIGNED=0\A_WIDTH=32\B_WIDTH=32\Y_WIDTH=32 for cells of type $alu.
Using extmapper simplemap for cells of type $not.
Using template $paramod\_90_lcu\WIDTH=32 for cells of type $lcu.
Using extmapper simplemap for cells of type $pos.
Using template $paramod\_90_pmux\WIDTH=13\S_WIDTH=3 for cells of type $pmux.
Using template $paramod\_90_pmux\WIDTH=2\S_WIDTH=3 for cells of type $pmux.
Using template $paramod\_90_pmux\WIDTH=2\S_WIDTH=2 for cells of type $pmux.
Running "alumacc" on wrapper $extern:wrap:$add:A_SIGNED=0:A_WIDTH=32:B_SIGNED=0:B_WIDTH=3:Y_WIDTH=32:394426c56d1a028ba8fdd5469b163e04011def47.
Using template $extern:wrap:$add:A_SIGNED=0:A_WIDTH=32:B_SIGNED=0:B_WIDTH=3:Y_WIDTH=32:394426c56d1a028ba8fdd5469b163e04011def47 for cells of type $extern:wrap:$add:A_SIGNED=0:A_WIDTH=32:B_SIGNED=0:B_WIDTH=3:Y_WIDTH=32:394426c56d1a028ba8fdd5469b163e04011def47.
Using template $paramod\_90_alu\A_SIGNED=0\B_SIGNED=0\A_WIDTH=3\B_WIDTH=32\Y_WIDTH=32 for cells of type $alu.
No more expansions possible.
<suppressed ~1534 debug messages>

14.21. Executing OPT pass (performing simple optimizations).

14.21.1. Executing OPT_EXPR pass (perform const folding).
Optimizing module alu.
<suppressed ~178 debug messages>
Optimizing module control_unit.
<suppressed ~32 debug messages>
Optimizing module pc.
Optimizing module register_file.
<suppressed ~1249 debug messages>
Optimizing module riscv_top.
<suppressed ~264 debug messages>
Optimizing module sign_extend.
<suppressed ~4 debug messages>

14.21.2. Executing OPT_MERGE pass (detect identical cells).
Finding identical cells in module `\alu'.
<suppressed ~1122 debug messages>
Finding identical cells in module `\control_unit'.
<suppressed ~75 debug messages>
Finding identical cells in module `\pc'.
Finding identical cells in module `\register_file'.
<suppressed ~1335 debug messages>
Finding identical cells in module `\riscv_top'.
<suppressed ~36 debug messages>
Finding identical cells in module `\sign_extend'.
<suppressed ~6 debug messages>
Removed a total of 858 cells.

14.21.3. Executing OPT_RMDFF pass (remove dff with constant values).

14.21.4. Executing OPT_CLEAN pass (remove unused cells and wires).
Finding unused cells or wires in module \alu..
Finding unused cells or wires in module \control_unit..
Finding unused cells or wires in module \pc..
Finding unused cells or wires in module \register_file..
Finding unused cells or wires in module \riscv_top..
Finding unused cells or wires in module \sign_extend..
Removed 139 unused cells and 1198 unused wires.
<suppressed ~144 debug messages>

14.21.5. Finished fast OPT passes.

14.22. Executing ABC pass (technology mapping using ABC).

14.22.1. Extracting gate netlist of module `\alu' to `<abc-temp-dir>/input.blif'..
Extracted 905 gates and 975 wires to a netlist network with 68 inputs and 33 outputs.

14.22.1.1. Executing ABC.
Running ABC command: berkeley-abc -s -f <abc-temp-dir>/abc.script 2>&1
ABC: ABC command line: "source <abc-temp-dir>/abc.script".
ABC: 
ABC: + read_blif <abc-temp-dir>/input.blif 
ABC: + read_library <abc-temp-dir>/stdcells.genlib 
ABC: Entered genlib library with 17 gates from file "<abc-temp-dir>/stdcells.genlib".
ABC: + strash 
ABC: + dretime 
ABC: + retime 
ABC: + map 
ABC: + write_blif <abc-temp-dir>/output.blif 

14.22.1.2. Re-integrating ABC results.
ABC RESULTS:               AND cells:       42
ABC RESULTS:            ANDNOT cells:       99
ABC RESULTS:              AOI3 cells:       94
ABC RESULTS:              AOI4 cells:       32
ABC RESULTS:              NAND cells:       19
ABC RESULTS:               NOR cells:       31
ABC RESULTS:               NOT cells:       29
ABC RESULTS:              OAI3 cells:       46
ABC RESULTS:              OAI4 cells:       31
ABC RESULTS:                OR cells:       88
ABC RESULTS:             ORNOT cells:       41
ABC RESULTS:              XNOR cells:       53
ABC RESULTS:               XOR cells:       43
ABC RESULTS:        internal signals:      874
ABC RESULTS:           input signals:       68
ABC RESULTS:          output signals:       33
Removing temp directory.

14.22.2. Extracting gate netlist of module `\control_unit' to `<abc-temp-dir>/input.blif'..
Extracted 43 gates and 55 wires to a netlist network with 10 inputs and 9 outputs.

14.22.2.1. Executing ABC.
Running ABC command: berkeley-abc -s -f <abc-temp-dir>/abc.script 2>&1
ABC: ABC command line: "source <abc-temp-dir>/abc.script".
ABC: 
ABC: + read_blif <abc-temp-dir>/input.blif 
ABC: + read_library <abc-temp-dir>/stdcells.genlib 
ABC: Entered genlib library with 17 gates from file "<abc-temp-dir>/stdcells.genlib".
ABC: + strash 
ABC: + dretime 
ABC: + retime 
ABC: + map 
ABC: + write_blif <abc-temp-dir>/output.blif 

14.22.2.2. Re-integrating ABC results.
ABC RESULTS:               AND cells:        1
ABC RESULTS:            ANDNOT cells:        8
ABC RESULTS:              AOI3 cells:        3
ABC RESULTS:              NAND cells:        1
ABC RESULTS:               NOR cells:        1
ABC RESULTS:              OAI3 cells:        1
ABC RESULTS:                OR cells:       10
ABC RESULTS:             ORNOT cells:        7
ABC RESULTS:        internal signals:       36
ABC RESULTS:           input signals:       10
ABC RESULTS:          output signals:        9
Removing temp directory.

14.22.3. Extracting gate netlist of module `\pc' to `<abc-temp-dir>/input.blif'..
Extracted 0 gates and 0 wires to a netlist network with 0 inputs and 0 outputs.
Don't call ABC as there is nothing to map.
Removing temp directory.

14.22.4. Extracting gate netlist of module `\register_file' to `<abc-temp-dir>/input.blif'..
Extracted 6386 gates and 7460 wires to a netlist network with 1072 inputs and 1088 outputs.

14.22.4.1. Executing ABC.
Running ABC command: berkeley-abc -s -f <abc-temp-dir>/abc.script 2>&1
ABC: ABC command line: "source <abc-temp-dir>/abc.script".
ABC: 
ABC: + read_blif <abc-temp-dir>/input.blif 
ABC: + read_library <abc-temp-dir>/stdcells.genlib 
ABC: Entered genlib library with 17 gates from file "<abc-temp-dir>/stdcells.genlib".
ABC: + strash 
ABC: + dretime 
ABC: + retime 
ABC: + map 
ABC: + write_blif <abc-temp-dir>/output.blif 

14.22.4.2. Re-integrating ABC results.
ABC RESULTS:            ANDNOT cells:       37
ABC RESULTS:              AOI3 cells:       94
ABC RESULTS:              AOI4 cells:       64
ABC RESULTS:               MUX cells:     2048
ABC RESULTS:              NAND cells:        7
ABC RESULTS:               NOT cells:      963
ABC RESULTS:              OAI3 cells:      128
ABC RESULTS:              OAI4 cells:      896
ABC RESULTS:                OR cells:     1037
ABC RESULTS:             ORNOT cells:       14
ABC RESULTS:        internal signals:     5300
ABC RESULTS:           input signals:     1072
ABC RESULTS:          output signals:     1088
Removing temp directory.

14.22.5. Extracting gate netlist of module `\riscv_top' to `<abc-temp-dir>/input.blif'..
Extracted 446 gates and 618 wires to a netlist network with 170 inputs and 100 outputs.

14.22.5.1. Executing ABC.
Running ABC command: berkeley-abc -s -f <abc-temp-dir>/abc.script 2>&1
ABC: ABC command line: "source <abc-temp-dir>/abc.script".
ABC: 
ABC: + read_blif <abc-temp-dir>/input.blif 
ABC: + read_library <abc-temp-dir>/stdcells.genlib 
ABC: Entered genlib library with 17 gates from file "<abc-temp-dir>/stdcells.genlib".
ABC: + strash 
ABC: + dretime 
ABC: + retime 
ABC: + map 
ABC: + write_blif <abc-temp-dir>/output.blif 

14.22.5.2. Re-integrating ABC results.
ABC RESULTS:               AND cells:       15
ABC RESULTS:            ANDNOT cells:       35
ABC RESULTS:              AOI3 cells:       25
ABC RESULTS:               MUX cells:      100
ABC RESULTS:              NAND cells:       40
ABC RESULTS:               NOR cells:        8
ABC RESULTS:               NOT cells:       24
ABC RESULTS:              OAI3 cells:       25
ABC RESULTS:                OR cells:       28
ABC RESULTS:             ORNOT cells:       13
ABC RESULTS:              XNOR cells:       31
ABC RESULTS:               XOR cells:       61
ABC RESULTS:        internal signals:      348
ABC RESULTS:           input signals:      170
ABC RESULTS:          output signals:      100
Removing temp directory.

14.22.6. Extracting gate netlist of module `\sign_extend' to `<abc-temp-dir>/input.blif'..
Extracted 84 gates and 105 wires to a netlist network with 19 inputs and 13 outputs.

14.22.6.1. Executing ABC.
Running ABC command: berkeley-abc -s -f <abc-temp-dir>/abc.script 2>&1
ABC: ABC command line: "source <abc-temp-dir>/abc.script".
ABC: 
ABC: + read_blif <abc-temp-dir>/input.blif 
ABC: + read_library <abc-temp-dir>/stdcells.genlib 
ABC: Entered genlib library with 17 gates from file "<abc-temp-dir>/stdcells.genlib".
ABC: + strash 
ABC: + dretime 
ABC: + retime 
ABC: + map 
ABC: + write_blif <abc-temp-dir>/output.blif 

14.22.6.2. Re-integrating ABC results.
ABC RESULTS:               AND cells:        1
ABC RESULTS:            ANDNOT cells:        2
ABC RESULTS:              AOI3 cells:       12
ABC RESULTS:              AOI4 cells:        1
ABC RESULTS:               NOT cells:        9
ABC RESULTS:              OAI3 cells:        4
ABC RESULTS:              OAI4 cells:        1
ABC RESULTS:                OR cells:        2
ABC RESULTS:             ORNOT cells:        5
ABC RESULTS:        internal signals:       73
ABC RESULTS:           input signals:       19
ABC RESULTS:          output signals:       13
Removing temp directory.

14.23. Executing OPT pass (performing simple optimizations).

14.23.1. Executing OPT_EXPR pass (perform const folding).
Optimizing module alu.
Optimizing module control_unit.
Optimizing module pc.
Optimizing module register_file.
Optimizing module riscv_top.
<suppressed ~3 debug messages>
Optimizing module sign_extend.

14.23.2. Executing OPT_MERGE pass (detect identical cells).
Finding identical cells in module `\alu'.
Finding identical cells in module `\control_unit'.
<suppressed ~3 debug messages>
Finding identical cells in module `\pc'.
Finding identical cells in module `\register_file'.
Finding identical cells in module `\riscv_top'.
<suppressed ~3 debug messages>
Finding identical cells in module `\sign_extend'.
Removed a total of 2 cells.

14.23.3. Executing OPT_RMDFF pass (remove dff with constant values).

14.23.4. Executing OPT_CLEAN pass (remove unused cells and wires).
Finding unused cells or wires in module \alu..
Finding unused cells or wires in module \control_unit..
Finding unused cells or wires in module \pc..
Finding unused cells or wires in module \register_file..
Finding unused cells or wires in module \riscv_top..
Finding unused cells or wires in module \sign_extend..
Removed 1 unused cells and 3646 unused wires.
<suppressed ~8 debug messages>

14.23.5. Finished fast OPT passes.

14.24. Executing HIERARCHY pass (managing design hierarchy).

14.24.1. Analyzing design hierarchy..
Top module:  \riscv_top
Used module:     \alu
Used module:     \control_unit
Used module:     \pc
Used module:     \register_file
Used module:     \sign_extend

14.24.2. Analyzing design hierarchy..
Top module:  \riscv_top
Used module:     \alu
Used module:     \control_unit
Used module:     \pc
Used module:     \register_file
Used module:     \sign_extend
Removed 0 unused modules.

14.25. Printing statistics.

=== alu ===

   Number of wires:                620
   Number of wire bits:            716
   Number of public wires:           5
   Number of public wire bits:     101
   Number of memories:               0
   Number of memory bits:            0
   Number of processes:              0
   Number of cells:                648
     $_ANDNOT_                      99
     $_AND_                         42
     $_AOI3_                        94
     $_AOI4_                        32
     $_NAND_                        19
     $_NOR_                         31
     $_NOT_                         29
     $_OAI3_                        46
     $_OAI4_                        31
     $_ORNOT_                       41
     $_OR_                          88
     $_XNOR_                        53
     $_XOR_                         43

=== control_unit ===

   Number of wires:                 33
   Number of wire bits:             43
   Number of public wires:          10
   Number of public wire bits:      20
   Number of memories:               0
   Number of memory bits:            0
   Number of processes:              0
   Number of cells:                 31
     $_ANDNOT_                       7
     $_AND_                          1
     $_AOI3_                         3
     $_NAND_                         1
     $_NOR_                          1
     $_OAI3_                         1
     $_ORNOT_                        7
     $_OR_                          10

=== pc ===

   Number of wires:                  4
   Number of wire bits:             66
   Number of public wires:           4
   Number of public wire bits:      66
   Number of memories:               0
   Number of memory bits:            0
   Number of processes:              0
   Number of cells:                 32
     $_DFF_PP0_                     32

=== register_file ===

   Number of wires:               4274
   Number of wire bits:           6394
   Number of public wires:          42
   Number of public wire bits:    1170
   Number of memories:               0
   Number of memory bits:            0
   Number of processes:              0
   Number of cells:               6312
     $_ANDNOT_                      37
     $_AOI3_                        94
     $_AOI4_                        64
     $_DFF_PP0_                   1024
     $_MUX_                       2048
     $_NAND_                         7
     $_NOT_                        963
     $_OAI3_                       128
     $_OAI4_                       896
     $_ORNOT_                       14
     $_OR_                        1037

=== riscv_top ===

   Number of wires:                326
   Number of wire bits:            672
   Number of public wires:          23
   Number of public wire bits:     369
   Number of memories:               0
   Number of memory bits:            0
   Number of processes:              0
   Number of cells:                410
     $_ANDNOT_                      34
     $_AND_                         15
     $_AOI3_                        25
     $_MUX_                        100
     $_NAND_                        40
     $_NOR_                          8
     $_NOT_                         23
     $_OAI3_                        25
     $_ORNOT_                       13
     $_OR_                          28
     $_XNOR_                        31
     $_XOR_                         61
     alu                             1
     control_unit                    1
     data_memory                     1
     instruction_memory              1
     pc                              1
     register_file                   1
     sign_extend                     1

=== sign_extend ===

   Number of wires:                 27
   Number of wire bits:             90
   Number of public wires:           3
   Number of public wire bits:      66
   Number of memories:               0
   Number of memory bits:            0
   Number of processes:              0
   Number of cells:                 37
     $_ANDNOT_                       2
     $_AND_                          1
     $_AOI3_                        12
     $_AOI4_                         1
     $_NOT_                          9
     $_OAI3_                         4
     $_OAI4_                         1
     $_ORNOT_                        5
     $_OR_                           2

=== design hierarchy ===

   riscv_top                         1
     alu                             1
     control_unit                    1
     pc                              1
     register_file                   1
     sign_extend                     1

   Number of wires:               5284
   Number of wire bits:           7981
   Number of public wires:          87
   Number of public wire bits:    1792
   Number of memories:               0
   Number of memory bits:            0
   Number of processes:              0
   Number of cells:               7465
     $_ANDNOT_                     179
     $_AND_                         59
     $_AOI3_                       228
     $_AOI4_                        97
     $_DFF_PP0_                   1056
     $_MUX_                       2148
     $_NAND_                        67
     $_NOR_                         40
     $_NOT_                       1024
     $_OAI3_                       204
     $_OAI4_                       928
     $_ORNOT_                       80
     $_OR_                        1165
     $_XNOR_                        84
     $_XOR_                        104
     data_memory                     1
     instruction_memory              1

14.26. Executing CHECK pass (checking for obvious problems).
checking module alu..
checking module control_unit..
checking module pc..
checking module register_file..
checking module riscv_top..
checking module sign_extend..
found and reported 0 problems.

15. Executing OPT_CLEAN pass (remove unused cells and wires).
Finding unused cells or wires in module \alu..
Finding unused cells or wires in module \control_unit..
Finding unused cells or wires in module \pc..
Finding unused cells or wires in module \register_file..
Finding unused cells or wires in module \riscv_top..
Finding unused cells or wires in module \sign_extend..
Removed 0 unused cells and 2 unused wires.
<suppressed ~2 debug messages>

16. Executing TECHMAP pass (map to technology primitives).

16.1. Executing Verilog-2005 frontend: <techmap.v>
Parsing Verilog input from `<techmap.v>' to AST representation.
Generating RTLIL representation for module `\_90_simplemap_bool_ops'.
Generating RTLIL representation for module `\_90_simplemap_reduce_ops'.
Generating RTLIL representation for module `\_90_simplemap_logic_ops'.
Generating RTLIL representation for module `\_90_simplemap_compare_ops'.
Generating RTLIL representation for module `\_90_simplemap_various'.
Generating RTLIL representation for module `\_90_simplemap_registers'.
Generating RTLIL representation for module `\_90_shift_ops_shr_shl_sshl_sshr'.
Generating RTLIL representation for module `\_90_shift_shiftx'.
Generating RTLIL representation for module `\_90_fa'.
Generating RTLIL representation for module `\_90_lcu'.
Generating RTLIL representation for module `\_90_alu'.
Generating RTLIL representation for module `\_90_macc'.
Generating RTLIL representation for module `\_90_alumacc'.
Generating RTLIL representation for module `\$__div_mod_u'.
Generating RTLIL representation for module `\$__div_mod'.
Generating RTLIL representation for module `\_90_div'.
Generating RTLIL representation for module `\_90_mod'.
Generating RTLIL representation for module `\_90_pow'.
Generating RTLIL representation for module `\_90_pmux'.
Generating RTLIL representation for module `\_90_lut'.
Successfully finished Verilog frontend.

16.2. Continuing TECHMAP pass.
No more expansions possible.

17. Executing OPT pass (performing simple optimizations).

17.1. Executing OPT_EXPR pass (perform const folding).
Optimizing module alu.
Optimizing module control_unit.
Optimizing module pc.
Optimizing module register_file.
Optimizing module riscv_top.
Optimizing module sign_extend.

17.2. Executing OPT_MERGE pass (detect identical cells).
Finding identical cells in module `\alu'.
Finding identical cells in module `\control_unit'.
Finding identical cells in module `\pc'.
Finding identical cells in module `\register_file'.
Finding identical cells in module `\riscv_top'.
Finding identical cells in module `\sign_extend'.
Removed a total of 0 cells.

17.3. Executing OPT_RMDFF pass (remove dff with constant values).

17.4. Executing OPT_CLEAN pass (remove unused cells and wires).
Finding unused cells or wires in module \alu..
Finding unused cells or wires in module \control_unit..
Finding unused cells or wires in module \pc..
Finding unused cells or wires in module \register_file..
Finding unused cells or wires in module \riscv_top..
Finding unused cells or wires in module \sign_extend..

17.5. Finished fast OPT passes.

18. Generating Graphviz representation of design.
Writing dot description to `riscv_block_diagram.dot'.
Dumping module alu to page 1.
Dumping module control_unit to page 2.
Dumping module pc to page 3.
Dumping module register_file to page 4.
Dumping module riscv_top to page 5.
Dumping module sign_extend to page 6.

19. Executing FLATTEN pass (flatten design).
Using template pc for cells of type pc.
Using template control_unit for cells of type control_unit.
Using template register_file for cells of type register_file.
Using template sign_extend for cells of type sign_extend.
Using template alu for cells of type alu.
<suppressed ~5 debug messages>
No more expansions possible.
Deleting now unused module alu.
Deleting now unused module control_unit.
Deleting now unused module pc.
Deleting now unused module register_file.
Deleting now unused module sign_extend.

20. Generating Graphviz representation of design.
Writing dot description to `riscv_gate_level.dot'.
Dumping module riscv_top to page 1.

21. Executing Verilog backend.
Dumping module `\riscv_top'.

Warnings: 1 unique messages, 1 total
End of script. Logfile hash: 5041119112
CPU: user 6.59s system 0.07s, MEM: 40.20 MB total, 33.89 MB resident
Yosys 0.9 (git sha1 1979e0b)
Time spent: 21% 22x opt_clean (1 sec), 14% 17x opt_merge (0 sec), ...
